░░ The job identifier is 4061781 and the job result is failed.
Dec 02 19:25:35 NodeZ3r0 systemd[1]: dude-storefront.service: Scheduled restart job, restart counter is at 5.
░░ Subject: Automatic restarting of a unit has been scheduled
░░ Defined-By: systemd
░░ Support: http://www.ubuntu.com/support
░░
░░ Automatic restarting of the unit dude-storefront.service has been scheduled, as the result for
░░ the configured Restart= setting for the unit.
Dec 02 19:25:35 NodeZ3r0 systemd[1]: dude-storefront.service: Start request repeated too quickly.
Dec 02 19:25:35 NodeZ3r0 systemd[1]: dude-storefront.service: Failed with result 'resources'.
░░ Subject: Unit failed
░░ Defined-By: systemd
░░ Support: http://www.ubuntu.com/support
░░
░░ The unit dude-storefront.service has entered the 'failed' state with result 'resources'.
Dec 02 19:25:35 NodeZ3r0 systemd[1]: Failed to start dude-storefront.service - The Dude Abides Storefront.
░░ Subject: A start job for unit dude-storefront.service has failed
░░ Defined-By: systemd
░░ Support: http://www.ubuntu.com/support
░░
░░ A start job for unit dude-storefront.service has finished with a failure.
░░
░░ The job identifier is 4061895 and the job result is failed.
root@NodeZ3r0:~# # Check node path and .env file
root@NodeZ3r0:~# which node
/usr/bin/node
root@NodeZ3r0:~# cat /opt/thedudeabides-store/storefront/.env
ront/dist/index.cjs

# Reset the service failure counter and check full logs
systemctl reset-failed dude-storefront.service
journalctl -u dude-storefront.service -n 50 --no-pagercat: /opt/thedudeabides-store/storefront/.env: No such file or directory
root@NodeZ3r0:~# ls -la /opt/thedudeabides-store/storefront/dist/index.cjs
ls: cannot access '/opt/thedudeabides-store/storefront/dist/index.cjs': No such file or directory
root@NodeZ3r0:~#
root@NodeZ3r0:~# # Reset the service failure counter and check full logs
root@NodeZ3r0:~# systemctl reset-failed dude-storefront.service
root@NodeZ3r0:~# journalctl -u dude-storefront.service -n 50 --no-pager
Dec 02 19:25:34 NodeZ3r0 systemd[1]: dude-storefront.service: Failed to load environment files: No such file or directory
Dec 02 19:25:34 NodeZ3r0 systemd[1]: dude-storefront.service: Failed to spawn 'start' task: No such file or directory
Dec 02 19:25:34 NodeZ3r0 systemd[1]: dude-storefront.service: Failed with result 'resources'.
Dec 02 19:25:34 NodeZ3r0 systemd[1]: Failed to start dude-storefront.service - The Dude Abides Storefront.
Dec 02 19:25:34 NodeZ3r0 systemd[1]: dude-storefront.service: Scheduled restart job, restart counter is at 1.
Dec 02 19:25:34 NodeZ3r0 systemd[1]: dude-storefront.service: Failed to load environment files: No such file or directory
Dec 02 19:25:34 NodeZ3r0 systemd[1]: dude-storefront.service: Failed to spawn 'start' task: No such file or directory
Dec 02 19:25:34 NodeZ3r0 systemd[1]: dude-storefront.service: Failed with result 'resources'.
Dec 02 19:25:34 NodeZ3r0 systemd[1]: Failed to start dude-storefront.service - The Dude Abides Storefront.
Dec 02 19:25:34 NodeZ3r0 systemd[1]: dude-storefront.service: Scheduled restart job, restart counter is at 2.
Dec 02 19:25:34 NodeZ3r0 systemd[1]: dude-storefront.service: Failed to load environment files: No such file or directory
Dec 02 19:25:34 NodeZ3r0 systemd[1]: dude-storefront.service: Failed to spawn 'start' task: No such file or directory
Dec 02 19:25:34 NodeZ3r0 systemd[1]: dude-storefront.service: Failed with result 'resources'.
Dec 02 19:25:34 NodeZ3r0 systemd[1]: Failed to start dude-storefront.service - The Dude Abides Storefront.
Dec 02 19:25:35 NodeZ3r0 systemd[1]: dude-storefront.service: Scheduled restart job, restart counter is at 3.
Dec 02 19:25:35 NodeZ3r0 systemd[1]: dude-storefront.service: Failed to load environment files: No such file or directory
Dec 02 19:25:35 NodeZ3r0 systemd[1]: dude-storefront.service: Failed to spawn 'start' task: No such file or directory
Dec 02 19:25:35 NodeZ3r0 systemd[1]: dude-storefront.service: Failed with result 'resources'.
Dec 02 19:25:35 NodeZ3r0 systemd[1]: Failed to start dude-storefront.service - The Dude Abides Storefront.
Dec 02 19:25:35 NodeZ3r0 systemd[1]: dude-storefront.service: Scheduled restart job, restart counter is at 4.
Dec 02 19:25:35 NodeZ3r0 systemd[1]: dude-storefront.service: Failed to load environment files: No such file or directory
Dec 02 19:25:35 NodeZ3r0 systemd[1]: dude-storefront.service: Failed to spawn 'start' task: No such file or directory
Dec 02 19:25:35 NodeZ3r0 systemd[1]: dude-storefront.service: Failed with result 'resources'.
Dec 02 19:25:35 NodeZ3r0 systemd[1]: Failed to start dude-storefront.service - The Dude Abides Storefront.
Dec 02 19:25:35 NodeZ3r0 systemd[1]: dude-storefront.service: Scheduled restart job, restart counter is at 5.
Dec 02 19:25:35 NodeZ3r0 systemd[1]: dude-storefront.service: Start request repeated too quickly.
Dec 02 19:25:35 NodeZ3r0 systemd[1]: dude-storefront.service: Failed with result 'resources'.
Dec 02 19:25:35 NodeZ3r0 systemd[1]: Failed to start dude-storefront.service - The Dude Abides Storefront.
root@NodeZ3r0:~#